// Jest Snapshot v1, https://goo.gl/fbAQLP

exports[`Pruebas en el <GifGridItem /> debe de mostrar <GifGridItem /> correctamente 1`] = `
<div
  className="card animate__animated animate__fadeIn"
>
  <img
    alt="Esto es un titulo"
    src="http://localhost/algo.jpg"
  />
  <p>
    Esto es un titulo
  </p>
</div>
`;
